PORT=8085 node ./scripts/dev-server.mjs
FacturaScripts playground dev server listening on http://127.0.0.1:8085
